{
  "parts": [
    {
      "file": "part_0.sol",
      "size": 327,
      "selectors": [],
      "signatures": []
    },
    {
      "file": "part_1.sol",
      "size": 623,
      "selectors": [],
      "signatures": []
    },
    {
      "file": "part_2.sol",
      "size": 34050,
      "selectors": [
        "0x51c7094f",
        "0x750588cf",
        "0xf552501a",
        "0x7d979a4f",
        "0xabb2efdf",
        "0x9f6b4a3b",
        "0x3a8c0786",
        "0x054f7d9c",
        "0x53d5aa81",
        "0x1a6e649e",
        "0x32252057",
        "0x39177203",
        "0x2590f832",
        "0x6f89e409",
        "0x991c8165",
        "0x062576b2",
        "0x00ebb5f0",
        "0x575d7487",
        "0xadc6c3b2",
        "0xb782ba50",
        "0x96b896eb",
        "0x62a5af3b",
        "0x8456cb59",
        "0x3f4ba83a",
        "0x52ef6b2c",
        "0xadfca15e",
        "0xcdffacc6",
        "0x7a0ed627",
        "0x01ffc9a7",
        "0xcf25dff3",
        "0x08e59920",
        "0xb8763bb2",
        "0x44615bd5",
        "0x4c556851",
        "0xa0df852b",
        "0x8226e95a",
        "0x15d2dd54",
        "0xb74a7d3d",
        "0x02128389",
        "0x889c9376",
        "0x102986bb",
        "0x16496ad0",
        "0xc6ea173b",
        "0x81007e90",
        "0x4d57f607"
      ],
      "signatures": [
        "routes(bytes4)",
        "pendingRoot()",
        "pendingEpoch()",
        "pendingSince()",
        "activeRoot()",
        "activeEpoch()",
        "activationDelay()",
        "frozen()",
        "getManifestVersion()",
        "getRoute(bytes4)",
        "getRouteCount()",
        "facetSecurityLevel(address)",
        "facetVersionTag(address)",
        "getLimits()",
        "verifyManifest(bytes32)",
        "getManifestInfo()",
        "commitRoot(bytes32,uint64)",
        "applyRoutes(bytes4[],address[],bytes32[],bytes32[][],bool[][])",
        "activateCommittedRoot()",
        "removeRoutes(bytes4[])",
        "setActivationDelay(uint64)",
        "freeze()",
        "pause()",
        "unpause()",
        "facetAddresses()",
        "facetFunctionSelectors(address)",
        "facetAddress(bytes4)",
        "facets()",
        "supportsInterface(bytes4)",
        "facetAddressesEx(bool)",
        "facetFunctionSelectorsEx(address,uint8)",
        "facetsEx(bool /*includeMetadata*/)",
        "facetAddressEx(bytes4,bytes32)",
        "facetAddressesBatchEx(bytes4[])",
        "facetMetadata(address /*facet*/)",
        "checkStorageConflicts(address /*facet*/)",
        "facetImplementation(address /*facet*/)",
        "facetHash(address)",
        "selectorHash(address)",
        "facetProvenance(address)",
        "preflightCheckFacet(address,bytes32,bytes4[],bool)",
        "adminRegisterUnsafe(address[],bytes4[][])",
        "applyRouteOne(bytes4,address,bytes32,bytes32[],bool[])",
        "setFacetSecurityLevel(address,uint8)",
        "setFacetVersionTag(address,bytes32)"
      ]
    }
  ]
}
